未訳 1553 件 model=gemma4:12b-it-qat domain=alaveteli
  進捗 8/1553 採用7 不採用1 3s
  batch5: 失敗 Expecting ',' delimiter: line 2 column 46 (char 752)（1回目）
  batch5: 失敗 Expecting ',' delimiter: line 2 column 46 (char 755)（2回目）
  進捗 88/1553 採用66 不採用22 83s
  batch15: 失敗 Invalid \uXXXX escape: line 1 column 4283 (char 4282)（1回目）
  batch18: 失敗 Expecting ',' delimiter: line 1 column 371 (char 370)（1回目）
  batch18: 失敗 Expecting ',' delimiter: line 1 column 376 (char 375)（2回目）
  進捗 168/1553 採用129 不採用39 300s
  進捗 248/1553 採用207 不採用41 420s
  進捗 328/1553 採用285 不採用43 618s
  進捗 408/1553 採用363 不採用45 813s
  batch58: 失敗 Invalid \uXXXX escape: line 1 column 4140 (char 4139)（1回目）
  進捗 488/1553 採用430 不採用58 1090s
  進捗 568/1553 採用509 不採用59 1276s
  進捗 648/1553 採用582 不採用66 1374s
  batch84: 失敗 Expecting ',' delimiter: line 2 column 46 (char 480)（1回目）
  batch84: 失敗 Expecting ',' delimiter: line 2 column 46 (char 502)（2回目）
  進捗 728/1553 採用653 不採用75 1420s
  batch99: 失敗 Expecting ',' delimiter: line 1 column 271 (char 270)（1回目）
  batch99: 失敗 Expecting ',' delimiter: line 1 column 271 (char 270)（2回目）
  進捗 808/1553 採用725 不採用83 1462s
  進捗 888/1553 採用804 不採用84 1489s
  batch117: 失敗 Expecting ',' delimiter: line 1 column 723 (char 722)（1回目）
  batch117: 失敗 Expecting ',' delimiter: line 1 column 725 (char 724)（2回目）
  進捗 968/1553 採用872 不採用96 1539s
  進捗 1048/1553 採用939 不採用109 1577s
  進捗 1128/1553 採用1016 不採用112 1610s
  batch148: 失敗 Expecting ',' delimiter: line 1 column 253 (char 252)（1回目）
  batch148: 失敗 Expecting ',' delimiter: line 1 column 249 (char 248)（2回目）
  進捗 1208/1553 採用1081 不採用127 1705s
  batch152: 失敗 Unterminated string starting at: line 1 column 556 (char 555)（1回目）
  進捗 1288/1553 採用1158 不採用130 1799s
  進捗 1368/1553 採用1234 不採用134 1838s
  進捗 1448/1553 採用1301 不採用147 1863s
  進捗 1528/1553 採用1379 不採用149 1892s
完了: 採用1402 不採用151 → locale/ja/app.po
